test_adamw_and_global_sgdm_start_from_identical_state_and_batches (tests.test_baseline_preflight.BaselinePreflightTests.test_adamw_and_global_sgdm_start_from_identical_state_and_batches) ... ok
test_preflight_detects_data_order_mismatch (tests.test_baseline_preflight.BaselinePreflightTests.test_preflight_detects_data_order_mismatch) ... ok

----------------------------------------------------------------------
Ran 2 tests in 1.412s

OK
test_design_freezes_exact_twelve_candidate_grid (tests.test_static_study_protocol.StaticStudyProtocolTests.test_design_freezes_exact_twelve_candidate_grid) ... ok
test_mappings_and_run_names_are_frozen_and_complete (tests.test_static_study_protocol.StaticStudyProtocolTests.test_mappings_and_run_names_are_frozen_and_complete) ... ok
test_matched_budget_and_schedule_controls (tests.test_static_study_protocol.StaticStudyProtocolTests.test_matched_budget_and_schedule_controls) ... ok
test_static_mapping_overrides_resolve_through_shared_manifest (tests.test_static_study_protocol.StaticStudyProtocolTests.test_static_mapping_overrides_resolve_through_shared_manifest) ... ok
test_variant_1_momentum_is_fixed_not_tuned (tests.test_static_study_protocol.StaticStudyProtocolTests.test_variant_1_momentum_is_fixed_not_tuned) ... ok

----------------------------------------------------------------------
Ran 5 tests in 0.004s

OK
W0829 11:24:26.101000 3958984 site-packages/torch/distributed/run.py:874] 
W0829 11:24:26.101000 3958984 site-packages/torch/distributed/run.py:874] *****************************************
W0829 11:24:26.101000 3958984 site-packages/torch/distributed/run.py:874] Setting OMP_NUM_THREADS environment variable for each process to be 1 in default, to avoid your system being overloaded, please further tune the variable for optimal performance in your application as needed. 
W0829 11:24:26.101000 3958984 site-packages/torch/distributed/run.py:874] *****************************************
Traceback (most recent call last):
  File "/shared/home/bilal.ashfaq/nano research/nanoGPT_research/train.py", line 138, in <module>
    exec(open('configurator.py').read()) # overrides from command line or config file
    ^^^^^^^^^^^^^^^^^^^^^^^^^^^^^^^^^^^^
  File "<string>", line 28, in <module>
  File "<string>", line 3, in <module>
TypeError: 'bool' object is not callable
Traceback (most recent call last):
  File "/shared/home/bilal.ashfaq/nano research/nanoGPT_research/train.py", line 138, in <module>
    exec(open('configurator.py').read()) # overrides from command line or config file
    ^^^^^^^^^^^^^^^^^^^^^^^^^^^^^^^^^^^^
  File "<string>", line 28, in <module>
  File "<string>", line 3, in <module>
TypeError: 'bool' object is not callable
E0829 11:24:28.692000 3958984 site-packages/torch/distributed/elastic/multiprocessing/api.py:1002] failed (exitcode: 1) local_rank: 0 (pid: 3959011) of binary: /shared/home/bilal.ashfaq/miniconda3/envs/nanogpt/bin/python
Traceback (most recent call last):
  File "/shared/home/bilal.ashfaq/miniconda3/envs/nanogpt/bin/torchrun", line 6, in <module>
    sys.exit(main())
             ^^^^^^
  File "/shared/home/bilal.ashfaq/miniconda3/envs/nanogpt/lib/python3.11/site-packages/torch/distributed/elastic/multiprocessing/errors/__init__.py", line 367, in wrapper
    return f(*args, **kwargs)
           ^^^^^^^^^^^^^^^^^^
  File "/shared/home/bilal.ashfaq/miniconda3/envs/nanogpt/lib/python3.11/site-packages/torch/distributed/run.py", line 1028, in main
    run(args)
  File "/shared/home/bilal.ashfaq/miniconda3/envs/nanogpt/lib/python3.11/site-packages/torch/distributed/run.py", line 1019, in run
    elastic_launch(
  File "/shared/home/bilal.ashfaq/miniconda3/envs/nanogpt/lib/python3.11/site-packages/torch/distributed/launcher/api.py", line 194, in __call__
    return launch_agent(
           ^^^^^^^^^^^^^
  File "/shared/home/bilal.ashfaq/miniconda3/envs/nanogpt/lib/python3.11/site-packages/torch/distributed/launcher/api.py", line 383, in launch_agent
    raise ChildFailedError(
torch.distributed.elastic.multiprocessing.errors.ChildFailedError: 
============================================================
train.py FAILED
------------------------------------------------------------
Failures:
[1]:
  time      : 2026-08-29_11:24:28
  host      : mbz-titan-2
  rank      : 1 (local_rank: 1)
  exitcode  : 1 (pid: 3959012) 
  error_file: <N/A>
  traceback : To enable traceback see: https://pytorch.org/docs/stable/elastic/errors.html
------------------------------------------------------------
Root Cause (first observed failure):
[0]:
  time      : 2026-08-29_11:24:28
  host      : mbz-titan-2
  rank      : 0 (local_rank: 0)
  exitcode  : 1 (pid: 3959011) 
  error_file: <N/A>
  traceback : To enable traceback see: https://pytorch.org/docs/stable/elastic/errors.html
============================================================
