test_adamw_and_global_sgdm_start_from_identical_state_and_batches (tests.test_baseline_preflight.BaselinePreflightTests.test_adamw_and_global_sgdm_start_from_identical_state_and_batches) ... ok
test_preflight_detects_data_order_mismatch (tests.test_baseline_preflight.BaselinePreflightTests.test_preflight_detects_data_order_mismatch) ... ok

----------------------------------------------------------------------
Ran 2 tests in 1.353s

OK
W0829 11:37:27.331000 345848 site-packages/torch/distributed/run.py:874] 
W0829 11:37:27.331000 345848 site-packages/torch/distributed/run.py:874] *****************************************
W0829 11:37:27.331000 345848 site-packages/torch/distributed/run.py:874] Setting OMP_NUM_THREADS environment variable for each process to be 1 in default, to avoid your system being overloaded, please further tune the variable for optimal performance in your application as needed. 
W0829 11:37:27.331000 345848 site-packages/torch/distributed/run.py:874] *****************************************
/shared/home/bilal.ashfaq/nano research/nanoGPT_research/train.py:274: FutureWarning: `torch.cuda.amp.GradScaler(args...)` is deprecated. Please use `torch.amp.GradScaler('cuda', args...)` instead.
  scaler = torch.cuda.amp.GradScaler(enabled=(dtype == 'float16'))
/shared/home/bilal.ashfaq/nano research/nanoGPT_research/train.py:274: FutureWarning: `torch.cuda.amp.GradScaler(args...)` is deprecated. Please use `torch.amp.GradScaler('cuda', args...)` instead.
  scaler = torch.cuda.amp.GradScaler(enabled=(dtype == 'float16'))
W0829 11:53:39.343000 351654 site-packages/torch/distributed/run.py:874] 
W0829 11:53:39.343000 351654 site-packages/torch/distributed/run.py:874] *****************************************
W0829 11:53:39.343000 351654 site-packages/torch/distributed/run.py:874] Setting OMP_NUM_THREADS environment variable for each process to be 1 in default, to avoid your system being overloaded, please further tune the variable for optimal performance in your application as needed. 
W0829 11:53:39.343000 351654 site-packages/torch/distributed/run.py:874] *****************************************
/shared/home/bilal.ashfaq/nano research/nanoGPT_research/train.py:274: FutureWarning: `torch.cuda.amp.GradScaler(args...)` is deprecated. Please use `torch.amp.GradScaler('cuda', args...)` instead.
  scaler = torch.cuda.amp.GradScaler(enabled=(dtype == 'float16'))
/shared/home/bilal.ashfaq/nano research/nanoGPT_research/train.py:274: FutureWarning: `torch.cuda.amp.GradScaler(args...)` is deprecated. Please use `torch.amp.GradScaler('cuda', args...)` instead.
  scaler = torch.cuda.amp.GradScaler(enabled=(dtype == 'float16'))
W0829 12:09:46.106000 357460 site-packages/torch/distributed/run.py:874] 
W0829 12:09:46.106000 357460 site-packages/torch/distributed/run.py:874] *****************************************
W0829 12:09:46.106000 357460 site-packages/torch/distributed/run.py:874] Setting OMP_NUM_THREADS environment variable for each process to be 1 in default, to avoid your system being overloaded, please further tune the variable for optimal performance in your application as needed. 
W0829 12:09:46.106000 357460 site-packages/torch/distributed/run.py:874] *****************************************
/shared/home/bilal.ashfaq/nano research/nanoGPT_research/train.py:274: FutureWarning: `torch.cuda.amp.GradScaler(args...)` is deprecated. Please use `torch.amp.GradScaler('cuda', args...)` instead.
  scaler = torch.cuda.amp.GradScaler(enabled=(dtype == 'float16'))
/shared/home/bilal.ashfaq/nano research/nanoGPT_research/train.py:274: FutureWarning: `torch.cuda.amp.GradScaler(args...)` is deprecated. Please use `torch.amp.GradScaler('cuda', args...)` instead.
  scaler = torch.cuda.amp.GradScaler(enabled=(dtype == 'float16'))
W0829 12:25:52.660000 363186 site-packages/torch/distributed/run.py:874] 
W0829 12:25:52.660000 363186 site-packages/torch/distributed/run.py:874] *****************************************
W0829 12:25:52.660000 363186 site-packages/torch/distributed/run.py:874] Setting OMP_NUM_THREADS environment variable for each process to be 1 in default, to avoid your system being overloaded, please further tune the variable for optimal performance in your application as needed. 
W0829 12:25:52.660000 363186 site-packages/torch/distributed/run.py:874] *****************************************
/shared/home/bilal.ashfaq/nano research/nanoGPT_research/train.py:274: FutureWarning: `torch.cuda.amp.GradScaler(args...)` is deprecated. Please use `torch.amp.GradScaler('cuda', args...)` instead.
  scaler = torch.cuda.amp.GradScaler(enabled=(dtype == 'float16'))
/shared/home/bilal.ashfaq/nano research/nanoGPT_research/train.py:274: FutureWarning: `torch.cuda.amp.GradScaler(args...)` is deprecated. Please use `torch.amp.GradScaler('cuda', args...)` instead.
  scaler = torch.cuda.amp.GradScaler(enabled=(dtype == 'float16'))
W0829 12:41:59.709000 369034 site-packages/torch/distributed/run.py:874] 
W0829 12:41:59.709000 369034 site-packages/torch/distributed/run.py:874] *****************************************
W0829 12:41:59.709000 369034 site-packages/torch/distributed/run.py:874] Setting OMP_NUM_THREADS environment variable for each process to be 1 in default, to avoid your system being overloaded, please further tune the variable for optimal performance in your application as needed. 
W0829 12:41:59.709000 369034 site-packages/torch/distributed/run.py:874] *****************************************
/shared/home/bilal.ashfaq/nano research/nanoGPT_research/train.py:274: FutureWarning: `torch.cuda.amp.GradScaler(args...)` is deprecated. Please use `torch.amp.GradScaler('cuda', args...)` instead.
  scaler = torch.cuda.amp.GradScaler(enabled=(dtype == 'float16'))
/shared/home/bilal.ashfaq/nano research/nanoGPT_research/train.py:274: FutureWarning: `torch.cuda.amp.GradScaler(args...)` is deprecated. Please use `torch.amp.GradScaler('cuda', args...)` instead.
  scaler = torch.cuda.amp.GradScaler(enabled=(dtype == 'float16'))
W0829 12:58:06.313000 374749 site-packages/torch/distributed/run.py:874] 
W0829 12:58:06.313000 374749 site-packages/torch/distributed/run.py:874] *****************************************
W0829 12:58:06.313000 374749 site-packages/torch/distributed/run.py:874] Setting OMP_NUM_THREADS environment variable for each process to be 1 in default, to avoid your system being overloaded, please further tune the variable for optimal performance in your application as needed. 
W0829 12:58:06.313000 374749 site-packages/torch/distributed/run.py:874] *****************************************
/shared/home/bilal.ashfaq/nano research/nanoGPT_research/train.py:274: FutureWarning: `torch.cuda.amp.GradScaler(args...)` is deprecated. Please use `torch.amp.GradScaler('cuda', args...)` instead.
  scaler = torch.cuda.amp.GradScaler(enabled=(dtype == 'float16'))
/shared/home/bilal.ashfaq/nano research/nanoGPT_research/train.py:274: FutureWarning: `torch.cuda.amp.GradScaler(args...)` is deprecated. Please use `torch.amp.GradScaler('cuda', args...)` instead.
  scaler = torch.cuda.amp.GradScaler(enabled=(dtype == 'float16'))
W0829 13:14:12.658000 380414 site-packages/torch/distributed/run.py:874] 
W0829 13:14:12.658000 380414 site-packages/torch/distributed/run.py:874] *****************************************
W0829 13:14:12.658000 380414 site-packages/torch/distributed/run.py:874] Setting OMP_NUM_THREADS environment variable for each process to be 1 in default, to avoid your system being overloaded, please further tune the variable for optimal performance in your application as needed. 
W0829 13:14:12.658000 380414 site-packages/torch/distributed/run.py:874] *****************************************
/shared/home/bilal.ashfaq/nano research/nanoGPT_research/train.py:274: FutureWarning: `torch.cuda.amp.GradScaler(args...)` is deprecated. Please use `torch.amp.GradScaler('cuda', args...)` instead.
  scaler = torch.cuda.amp.GradScaler(enabled=(dtype == 'float16'))
/shared/home/bilal.ashfaq/nano research/nanoGPT_research/train.py:274: FutureWarning: `torch.cuda.amp.GradScaler(args...)` is deprecated. Please use `torch.amp.GradScaler('cuda', args...)` instead.
  scaler = torch.cuda.amp.GradScaler(enabled=(dtype == 'float16'))
W0829 13:30:18.879000 386228 site-packages/torch/distributed/run.py:874] 
W0829 13:30:18.879000 386228 site-packages/torch/distributed/run.py:874] *****************************************
W0829 13:30:18.879000 386228 site-packages/torch/distributed/run.py:874] Setting OMP_NUM_THREADS environment variable for each process to be 1 in default, to avoid your system being overloaded, please further tune the variable for optimal performance in your application as needed. 
W0829 13:30:18.879000 386228 site-packages/torch/distributed/run.py:874] *****************************************
/shared/home/bilal.ashfaq/nano research/nanoGPT_research/train.py:274: FutureWarning: `torch.cuda.amp.GradScaler(args...)` is deprecated. Please use `torch.amp.GradScaler('cuda', args...)` instead.
  scaler = torch.cuda.amp.GradScaler(enabled=(dtype == 'float16'))
/shared/home/bilal.ashfaq/nano research/nanoGPT_research/train.py:274: FutureWarning: `torch.cuda.amp.GradScaler(args...)` is deprecated. Please use `torch.amp.GradScaler('cuda', args...)` instead.
  scaler = torch.cuda.amp.GradScaler(enabled=(dtype == 'float16'))
W0829 13:46:30.930000 391936 site-packages/torch/distributed/run.py:874] 
W0829 13:46:30.930000 391936 site-packages/torch/distributed/run.py:874] *****************************************
W0829 13:46:30.930000 391936 site-packages/torch/distributed/run.py:874] Setting OMP_NUM_THREADS environment variable for each process to be 1 in default, to avoid your system being overloaded, please further tune the variable for optimal performance in your application as needed. 
W0829 13:46:30.930000 391936 site-packages/torch/distributed/run.py:874] *****************************************
/shared/home/bilal.ashfaq/nano research/nanoGPT_research/train.py:274: FutureWarning: `torch.cuda.amp.GradScaler(args...)` is deprecated. Please use `torch.amp.GradScaler('cuda', args...)` instead.
  scaler = torch.cuda.amp.GradScaler(enabled=(dtype == 'float16'))
/shared/home/bilal.ashfaq/nano research/nanoGPT_research/train.py:274: FutureWarning: `torch.cuda.amp.GradScaler(args...)` is deprecated. Please use `torch.amp.GradScaler('cuda', args...)` instead.
  scaler = torch.cuda.amp.GradScaler(enabled=(dtype == 'float16'))
W0829 14:02:38.587000 397810 site-packages/torch/distributed/run.py:874] 
W0829 14:02:38.587000 397810 site-packages/torch/distributed/run.py:874] *****************************************
W0829 14:02:38.587000 397810 site-packages/torch/distributed/run.py:874] Setting OMP_NUM_THREADS environment variable for each process to be 1 in default, to avoid your system being overloaded, please further tune the variable for optimal performance in your application as needed. 
W0829 14:02:38.587000 397810 site-packages/torch/distributed/run.py:874] *****************************************
/shared/home/bilal.ashfaq/nano research/nanoGPT_research/train.py:274: FutureWarning: `torch.cuda.amp.GradScaler(args...)` is deprecated. Please use `torch.amp.GradScaler('cuda', args...)` instead.
  scaler = torch.cuda.amp.GradScaler(enabled=(dtype == 'float16'))
/shared/home/bilal.ashfaq/nano research/nanoGPT_research/train.py:274: FutureWarning: `torch.cuda.amp.GradScaler(args...)` is deprecated. Please use `torch.amp.GradScaler('cuda', args...)` instead.
  scaler = torch.cuda.amp.GradScaler(enabled=(dtype == 'float16'))
W0829 14:18:45.720000 403651 site-packages/torch/distributed/run.py:874] 
W0829 14:18:45.720000 403651 site-packages/torch/distributed/run.py:874] *****************************************
W0829 14:18:45.720000 403651 site-packages/torch/distributed/run.py:874] Setting OMP_NUM_THREADS environment variable for each process to be 1 in default, to avoid your system being overloaded, please further tune the variable for optimal performance in your application as needed. 
W0829 14:18:45.720000 403651 site-packages/torch/distributed/run.py:874] *****************************************
/shared/home/bilal.ashfaq/nano research/nanoGPT_research/train.py:274: FutureWarning: `torch.cuda.amp.GradScaler(args...)` is deprecated. Please use `torch.amp.GradScaler('cuda', args...)` instead.
  scaler = torch.cuda.amp.GradScaler(enabled=(dtype == 'float16'))
/shared/home/bilal.ashfaq/nano research/nanoGPT_research/train.py:274: FutureWarning: `torch.cuda.amp.GradScaler(args...)` is deprecated. Please use `torch.amp.GradScaler('cuda', args...)` instead.
  scaler = torch.cuda.amp.GradScaler(enabled=(dtype == 'float16'))
W0829 14:34:51.483000 409303 site-packages/torch/distributed/run.py:874] 
W0829 14:34:51.483000 409303 site-packages/torch/distributed/run.py:874] *****************************************
W0829 14:34:51.483000 409303 site-packages/torch/distributed/run.py:874] Setting OMP_NUM_THREADS environment variable for each process to be 1 in default, to avoid your system being overloaded, please further tune the variable for optimal performance in your application as needed. 
W0829 14:34:51.483000 409303 site-packages/torch/distributed/run.py:874] *****************************************
/shared/home/bilal.ashfaq/nano research/nanoGPT_research/train.py:274: FutureWarning: `torch.cuda.amp.GradScaler(args...)` is deprecated. Please use `torch.amp.GradScaler('cuda', args...)` instead.
  scaler = torch.cuda.amp.GradScaler(enabled=(dtype == 'float16'))
/shared/home/bilal.ashfaq/nano research/nanoGPT_research/train.py:274: FutureWarning: `torch.cuda.amp.GradScaler(args...)` is deprecated. Please use `torch.amp.GradScaler('cuda', args...)` instead.
  scaler = torch.cuda.amp.GradScaler(enabled=(dtype == 'float16'))
