===== OPTIMIZER MANIFEST RUNNER =====
Job ID: 22855
Node: mbz-titan-2
Repository: /shared/home/bilal.ashfaq/nano research/nanoGPT_research
Manifest: experiment_manifests/task_2_5_static_smoke.json
Run ID: all
Started: 2026-08-29T11:23:57+00:00
valid manifest: task-2.5-static-smoke-v1
number of parameters: 0.00M
num decayed parameter tensors: 10, with 1,856 parameters
num non-decayed parameter tensors: 5, with 40 parameters
using fused AdamW: False
number of parameters: 0.00M
using fused auxiliary AdamW: False
number of parameters: 0.00M
num decayed parameter tensors: 10, with 1,856 parameters
num non-decayed parameter tensors: 5, with 40 parameters
using fused AdamW: False
Launching: torchrun --standalone --nproc_per_node=2 train.py config/task_2_5_static_smoke.py --out_dir=/shared/home/bilal.ashfaq/nanogpt-smoke-runs/task-2.5/static_per_matrix_sgdm_smoke_lr0.03_mom0.99_seed1337_scalestatic-26f16b708d59 --optimizer_name=static_per_matrix_sgdm --seed=1337 --max_iters=1 --init_from=scratch
Overriding config with config/task_2_5_static_smoke.py:
# Short two-GPU preflight using the real Task 2.5 model, data, and optimizer.
with open('config/task_2_4_static.py', encoding='utf-8') as study_config_file:
    exec(compile(study_config_file.read(), study_config_file.name, 'exec'))

out_dir = 'out-task-2-5-static-smoke-placeholder'
eval_interval = 1
eval_iters = 2
log_interval = 1
max_iters = 1
warmup_iters = 0
lr_decay_iters = 1

matrix_learning_rate = 0.03
matrix_momentum = 0.99
static_matrix_type_multipliers = {
    'attention_qkv': 1.4142135623730951,
    'attention_output': 1.4142135623730951,
    'mlp_input': 0.7071067811865476,
    'mlp_output': 0.7071067811865476,
}

diagnostics_enabled = True
diagnostic_steps = '0,1'
diagnostic_spectral_matrix_names = 'transformer.h.0.attn.c_proj.weight'

Overriding config with config/task_2_5_static_smoke.py:
# Short two-GPU preflight using the real Task 2.5 model, data, and optimizer.
with open('config/task_2_4_static.py', encoding='utf-8') as study_config_file:
    exec(compile(study_config_file.read(), study_config_file.name, 'exec'))

out_dir = 'out-task-2-5-static-smoke-placeholder'
eval_interval = 1
eval_iters = 2
log_interval = 1
max_iters = 1
warmup_iters = 0
lr_decay_iters = 1

matrix_learning_rate = 0.03
matrix_momentum = 0.99
static_matrix_type_multipliers = {
    'attention_qkv': 1.4142135623730951,
    'attention_output': 1.4142135623730951,
    'mlp_input': 0.7071067811865476,
    'mlp_output': 0.7071067811865476,
}

diagnostics_enabled = True
diagnostic_steps = '0,1'
diagnostic_spectral_matrix_names = 'transformer.h.0.attn.c_proj.weight'

