test_adamw_and_global_sgdm_start_from_identical_state_and_batches (tests.test_baseline_preflight.BaselinePreflightTests.test_adamw_and_global_sgdm_start_from_identical_state_and_batches) ... ok
test_preflight_detects_data_order_mismatch (tests.test_baseline_preflight.BaselinePreflightTests.test_preflight_detects_data_order_mismatch) ... ok

----------------------------------------------------------------------
Ran 2 tests in 1.429s

OK
test_design_freezes_exact_twelve_candidate_grid (tests.test_static_study_protocol.StaticStudyProtocolTests.test_design_freezes_exact_twelve_candidate_grid) ... ok
test_mappings_and_run_names_are_frozen_and_complete (tests.test_static_study_protocol.StaticStudyProtocolTests.test_mappings_and_run_names_are_frozen_and_complete) ... ok
test_matched_budget_and_schedule_controls (tests.test_static_study_protocol.StaticStudyProtocolTests.test_matched_budget_and_schedule_controls) ... ok
test_static_mapping_overrides_resolve_through_shared_manifest (tests.test_static_study_protocol.StaticStudyProtocolTests.test_static_mapping_overrides_resolve_through_shared_manifest) ... ok
test_variant_1_momentum_is_fixed_not_tuned (tests.test_static_study_protocol.StaticStudyProtocolTests.test_variant_1_momentum_is_fixed_not_tuned) ... ok

----------------------------------------------------------------------
Ran 5 tests in 0.004s

OK
W0829 11:33:25.828000 343936 site-packages/torch/distributed/run.py:874] 
W0829 11:33:25.828000 343936 site-packages/torch/distributed/run.py:874] *****************************************
W0829 11:33:25.828000 343936 site-packages/torch/distributed/run.py:874] Setting OMP_NUM_THREADS environment variable for each process to be 1 in default, to avoid your system being overloaded, please further tune the variable for optimal performance in your application as needed. 
W0829 11:33:25.828000 343936 site-packages/torch/distributed/run.py:874] *****************************************
/shared/home/bilal.ashfaq/nano research/nanoGPT_research/train.py:274: FutureWarning: `torch.cuda.amp.GradScaler(args...)` is deprecated. Please use `torch.amp.GradScaler('cuda', args...)` instead.
  scaler = torch.cuda.amp.GradScaler(enabled=(dtype == 'float16'))
/shared/home/bilal.ashfaq/nano research/nanoGPT_research/train.py:274: FutureWarning: `torch.cuda.amp.GradScaler(args...)` is deprecated. Please use `torch.amp.GradScaler('cuda', args...)` instead.
  scaler = torch.cuda.amp.GradScaler(enabled=(dtype == 'float16'))
