test_adamw_and_global_sgdm_start_from_identical_state_and_batches (tests.test_baseline_preflight.BaselinePreflightTests.test_adamw_and_global_sgdm_start_from_identical_state_and_batches) ... ok
test_preflight_detects_data_order_mismatch (tests.test_baseline_preflight.BaselinePreflightTests.test_preflight_detects_data_order_mismatch) ... ok

----------------------------------------------------------------------
Ran 2 tests in 1.454s

OK
W0828 07:16:42.312000 2979747 site-packages/torch/distributed/run.py:874] 
W0828 07:16:42.312000 2979747 site-packages/torch/distributed/run.py:874] *****************************************
W0828 07:16:42.312000 2979747 site-packages/torch/distributed/run.py:874] Setting OMP_NUM_THREADS environment variable for each process to be 1 in default, to avoid your system being overloaded, please further tune the variable for optimal performance in your application as needed. 
W0828 07:16:42.312000 2979747 site-packages/torch/distributed/run.py:874] *****************************************
/shared/home/bilal.ashfaq/nano research/nanoGPT_research/train.py:260: FutureWarning: `torch.cuda.amp.GradScaler(args...)` is deprecated. Please use `torch.amp.GradScaler('cuda', args...)` instead.
  scaler = torch.cuda.amp.GradScaler(enabled=(dtype == 'float16'))
/shared/home/bilal.ashfaq/nano research/nanoGPT_research/train.py:260: FutureWarning: `torch.cuda.amp.GradScaler(args...)` is deprecated. Please use `torch.amp.GradScaler('cuda', args...)` instead.
  scaler = torch.cuda.amp.GradScaler(enabled=(dtype == 'float16'))
W0828 07:33:02.017000 2987495 site-packages/torch/distributed/run.py:874] 
W0828 07:33:02.017000 2987495 site-packages/torch/distributed/run.py:874] *****************************************
W0828 07:33:02.017000 2987495 site-packages/torch/distributed/run.py:874] Setting OMP_NUM_THREADS environment variable for each process to be 1 in default, to avoid your system being overloaded, please further tune the variable for optimal performance in your application as needed. 
W0828 07:33:02.017000 2987495 site-packages/torch/distributed/run.py:874] *****************************************
/shared/home/bilal.ashfaq/nano research/nanoGPT_research/train.py:260: FutureWarning: `torch.cuda.amp.GradScaler(args...)` is deprecated. Please use `torch.amp.GradScaler('cuda', args...)` instead.
  scaler = torch.cuda.amp.GradScaler(enabled=(dtype == 'float16'))
/shared/home/bilal.ashfaq/nano research/nanoGPT_research/train.py:260: FutureWarning: `torch.cuda.amp.GradScaler(args...)` is deprecated. Please use `torch.amp.GradScaler('cuda', args...)` instead.
  scaler = torch.cuda.amp.GradScaler(enabled=(dtype == 'float16'))
W0828 07:49:22.902000 2995988 site-packages/torch/distributed/run.py:874] 
W0828 07:49:22.902000 2995988 site-packages/torch/distributed/run.py:874] *****************************************
W0828 07:49:22.902000 2995988 site-packages/torch/distributed/run.py:874] Setting OMP_NUM_THREADS environment variable for each process to be 1 in default, to avoid your system being overloaded, please further tune the variable for optimal performance in your application as needed. 
W0828 07:49:22.902000 2995988 site-packages/torch/distributed/run.py:874] *****************************************
/shared/home/bilal.ashfaq/nano research/nanoGPT_research/train.py:260: FutureWarning: `torch.cuda.amp.GradScaler(args...)` is deprecated. Please use `torch.amp.GradScaler('cuda', args...)` instead.
  scaler = torch.cuda.amp.GradScaler(enabled=(dtype == 'float16'))
/shared/home/bilal.ashfaq/nano research/nanoGPT_research/train.py:260: FutureWarning: `torch.cuda.amp.GradScaler(args...)` is deprecated. Please use `torch.amp.GradScaler('cuda', args...)` instead.
  scaler = torch.cuda.amp.GradScaler(enabled=(dtype == 'float16'))
W0828 08:05:33.750000 3004408 site-packages/torch/distributed/run.py:874] 
W0828 08:05:33.750000 3004408 site-packages/torch/distributed/run.py:874] *****************************************
W0828 08:05:33.750000 3004408 site-packages/torch/distributed/run.py:874] Setting OMP_NUM_THREADS environment variable for each process to be 1 in default, to avoid your system being overloaded, please further tune the variable for optimal performance in your application as needed. 
W0828 08:05:33.750000 3004408 site-packages/torch/distributed/run.py:874] *****************************************
/shared/home/bilal.ashfaq/nano research/nanoGPT_research/train.py:260: FutureWarning: `torch.cuda.amp.GradScaler(args...)` is deprecated. Please use `torch.amp.GradScaler('cuda', args...)` instead.
  scaler = torch.cuda.amp.GradScaler(enabled=(dtype == 'float16'))
/shared/home/bilal.ashfaq/nano research/nanoGPT_research/train.py:260: FutureWarning: `torch.cuda.amp.GradScaler(args...)` is deprecated. Please use `torch.amp.GradScaler('cuda', args...)` instead.
  scaler = torch.cuda.amp.GradScaler(enabled=(dtype == 'float16'))
W0828 08:21:45.034000 3012313 site-packages/torch/distributed/run.py:874] 
W0828 08:21:45.034000 3012313 site-packages/torch/distributed/run.py:874] *****************************************
W0828 08:21:45.034000 3012313 site-packages/torch/distributed/run.py:874] Setting OMP_NUM_THREADS environment variable for each process to be 1 in default, to avoid your system being overloaded, please further tune the variable for optimal performance in your application as needed. 
W0828 08:21:45.034000 3012313 site-packages/torch/distributed/run.py:874] *****************************************
/shared/home/bilal.ashfaq/nano research/nanoGPT_research/train.py:260: FutureWarning: `torch.cuda.amp.GradScaler(args...)` is deprecated. Please use `torch.amp.GradScaler('cuda', args...)` instead.
  scaler = torch.cuda.amp.GradScaler(enabled=(dtype == 'float16'))
/shared/home/bilal.ashfaq/nano research/nanoGPT_research/train.py:260: FutureWarning: `torch.cuda.amp.GradScaler(args...)` is deprecated. Please use `torch.amp.GradScaler('cuda', args...)` instead.
  scaler = torch.cuda.amp.GradScaler(enabled=(dtype == 'float16'))
W0828 08:37:49.108000 3018969 site-packages/torch/distributed/run.py:874] 
W0828 08:37:49.108000 3018969 site-packages/torch/distributed/run.py:874] *****************************************
W0828 08:37:49.108000 3018969 site-packages/torch/distributed/run.py:874] Setting OMP_NUM_THREADS environment variable for each process to be 1 in default, to avoid your system being overloaded, please further tune the variable for optimal performance in your application as needed. 
W0828 08:37:49.108000 3018969 site-packages/torch/distributed/run.py:874] *****************************************
/shared/home/bilal.ashfaq/nano research/nanoGPT_research/train.py:260: FutureWarning: `torch.cuda.amp.GradScaler(args...)` is deprecated. Please use `torch.amp.GradScaler('cuda', args...)` instead.
  scaler = torch.cuda.amp.GradScaler(enabled=(dtype == 'float16'))
/shared/home/bilal.ashfaq/nano research/nanoGPT_research/train.py:260: FutureWarning: `torch.cuda.amp.GradScaler(args...)` is deprecated. Please use `torch.amp.GradScaler('cuda', args...)` instead.
  scaler = torch.cuda.amp.GradScaler(enabled=(dtype == 'float16'))
W0828 08:53:51.673000 3025256 site-packages/torch/distributed/run.py:874] 
W0828 08:53:51.673000 3025256 site-packages/torch/distributed/run.py:874] *****************************************
W0828 08:53:51.673000 3025256 site-packages/torch/distributed/run.py:874] Setting OMP_NUM_THREADS environment variable for each process to be 1 in default, to avoid your system being overloaded, please further tune the variable for optimal performance in your application as needed. 
W0828 08:53:51.673000 3025256 site-packages/torch/distributed/run.py:874] *****************************************
/shared/home/bilal.ashfaq/nano research/nanoGPT_research/train.py:260: FutureWarning: `torch.cuda.amp.GradScaler(args...)` is deprecated. Please use `torch.amp.GradScaler('cuda', args...)` instead.
  scaler = torch.cuda.amp.GradScaler(enabled=(dtype == 'float16'))
/shared/home/bilal.ashfaq/nano research/nanoGPT_research/train.py:260: FutureWarning: `torch.cuda.amp.GradScaler(args...)` is deprecated. Please use `torch.amp.GradScaler('cuda', args...)` instead.
  scaler = torch.cuda.amp.GradScaler(enabled=(dtype == 'float16'))
W0828 09:10:08.753000 3031615 site-packages/torch/distributed/run.py:874] 
W0828 09:10:08.753000 3031615 site-packages/torch/distributed/run.py:874] *****************************************
W0828 09:10:08.753000 3031615 site-packages/torch/distributed/run.py:874] Setting OMP_NUM_THREADS environment variable for each process to be 1 in default, to avoid your system being overloaded, please further tune the variable for optimal performance in your application as needed. 
W0828 09:10:08.753000 3031615 site-packages/torch/distributed/run.py:874] *****************************************
/shared/home/bilal.ashfaq/nano research/nanoGPT_research/train.py:260: FutureWarning: `torch.cuda.amp.GradScaler(args...)` is deprecated. Please use `torch.amp.GradScaler('cuda', args...)` instead.
  scaler = torch.cuda.amp.GradScaler(enabled=(dtype == 'float16'))
/shared/home/bilal.ashfaq/nano research/nanoGPT_research/train.py:260: FutureWarning: `torch.cuda.amp.GradScaler(args...)` is deprecated. Please use `torch.amp.GradScaler('cuda', args...)` instead.
  scaler = torch.cuda.amp.GradScaler(enabled=(dtype == 'float16'))
W0828 09:26:12.628000 3038149 site-packages/torch/distributed/run.py:874] 
W0828 09:26:12.628000 3038149 site-packages/torch/distributed/run.py:874] *****************************************
W0828 09:26:12.628000 3038149 site-packages/torch/distributed/run.py:874] Setting OMP_NUM_THREADS environment variable for each process to be 1 in default, to avoid your system being overloaded, please further tune the variable for optimal performance in your application as needed. 
W0828 09:26:12.628000 3038149 site-packages/torch/distributed/run.py:874] *****************************************
/shared/home/bilal.ashfaq/nano research/nanoGPT_research/train.py:260: FutureWarning: `torch.cuda.amp.GradScaler(args...)` is deprecated. Please use `torch.amp.GradScaler('cuda', args...)` instead.
  scaler = torch.cuda.amp.GradScaler(enabled=(dtype == 'float16'))
/shared/home/bilal.ashfaq/nano research/nanoGPT_research/train.py:260: FutureWarning: `torch.cuda.amp.GradScaler(args...)` is deprecated. Please use `torch.amp.GradScaler('cuda', args...)` instead.
  scaler = torch.cuda.amp.GradScaler(enabled=(dtype == 'float16'))
W0828 09:42:22.224000 3044471 site-packages/torch/distributed/run.py:874] 
W0828 09:42:22.224000 3044471 site-packages/torch/distributed/run.py:874] *****************************************
W0828 09:42:22.224000 3044471 site-packages/torch/distributed/run.py:874] Setting OMP_NUM_THREADS environment variable for each process to be 1 in default, to avoid your system being overloaded, please further tune the variable for optimal performance in your application as needed. 
W0828 09:42:22.224000 3044471 site-packages/torch/distributed/run.py:874] *****************************************
/shared/home/bilal.ashfaq/nano research/nanoGPT_research/train.py:260: FutureWarning: `torch.cuda.amp.GradScaler(args...)` is deprecated. Please use `torch.amp.GradScaler('cuda', args...)` instead.
  scaler = torch.cuda.amp.GradScaler(enabled=(dtype == 'float16'))
/shared/home/bilal.ashfaq/nano research/nanoGPT_research/train.py:260: FutureWarning: `torch.cuda.amp.GradScaler(args...)` is deprecated. Please use `torch.amp.GradScaler('cuda', args...)` instead.
  scaler = torch.cuda.amp.GradScaler(enabled=(dtype == 'float16'))
W0828 09:58:32.509000 3050739 site-packages/torch/distributed/run.py:874] 
W0828 09:58:32.509000 3050739 site-packages/torch/distributed/run.py:874] *****************************************
W0828 09:58:32.509000 3050739 site-packages/torch/distributed/run.py:874] Setting OMP_NUM_THREADS environment variable for each process to be 1 in default, to avoid your system being overloaded, please further tune the variable for optimal performance in your application as needed. 
W0828 09:58:32.509000 3050739 site-packages/torch/distributed/run.py:874] *****************************************
/shared/home/bilal.ashfaq/nano research/nanoGPT_research/train.py:260: FutureWarning: `torch.cuda.amp.GradScaler(args...)` is deprecated. Please use `torch.amp.GradScaler('cuda', args...)` instead.
  scaler = torch.cuda.amp.GradScaler(enabled=(dtype == 'float16'))
/shared/home/bilal.ashfaq/nano research/nanoGPT_research/train.py:260: FutureWarning: `torch.cuda.amp.GradScaler(args...)` is deprecated. Please use `torch.amp.GradScaler('cuda', args...)` instead.
  scaler = torch.cuda.amp.GradScaler(enabled=(dtype == 'float16'))
W0828 10:14:38.030000 3057076 site-packages/torch/distributed/run.py:874] 
W0828 10:14:38.030000 3057076 site-packages/torch/distributed/run.py:874] *****************************************
W0828 10:14:38.030000 3057076 site-packages/torch/distributed/run.py:874] Setting OMP_NUM_THREADS environment variable for each process to be 1 in default, to avoid your system being overloaded, please further tune the variable for optimal performance in your application as needed. 
W0828 10:14:38.030000 3057076 site-packages/torch/distributed/run.py:874] *****************************************
/shared/home/bilal.ashfaq/nano research/nanoGPT_research/train.py:260: FutureWarning: `torch.cuda.amp.GradScaler(args...)` is deprecated. Please use `torch.amp.GradScaler('cuda', args...)` instead.
  scaler = torch.cuda.amp.GradScaler(enabled=(dtype == 'float16'))
/shared/home/bilal.ashfaq/nano research/nanoGPT_research/train.py:260: FutureWarning: `torch.cuda.amp.GradScaler(args...)` is deprecated. Please use `torch.amp.GradScaler('cuda', args...)` instead.
  scaler = torch.cuda.amp.GradScaler(enabled=(dtype == 'float16'))
W0828 10:30:52.735000 3063443 site-packages/torch/distributed/run.py:874] 
W0828 10:30:52.735000 3063443 site-packages/torch/distributed/run.py:874] *****************************************
W0828 10:30:52.735000 3063443 site-packages/torch/distributed/run.py:874] Setting OMP_NUM_THREADS environment variable for each process to be 1 in default, to avoid your system being overloaded, please further tune the variable for optimal performance in your application as needed. 
W0828 10:30:52.735000 3063443 site-packages/torch/distributed/run.py:874] *****************************************
/shared/home/bilal.ashfaq/nano research/nanoGPT_research/train.py:260: FutureWarning: `torch.cuda.amp.GradScaler(args...)` is deprecated. Please use `torch.amp.GradScaler('cuda', args...)` instead.
  scaler = torch.cuda.amp.GradScaler(enabled=(dtype == 'float16'))
/shared/home/bilal.ashfaq/nano research/nanoGPT_research/train.py:260: FutureWarning: `torch.cuda.amp.GradScaler(args...)` is deprecated. Please use `torch.amp.GradScaler('cuda', args...)` instead.
  scaler = torch.cuda.amp.GradScaler(enabled=(dtype == 'float16'))
W0828 10:46:59.639000 3069771 site-packages/torch/distributed/run.py:874] 
W0828 10:46:59.639000 3069771 site-packages/torch/distributed/run.py:874] *****************************************
W0828 10:46:59.639000 3069771 site-packages/torch/distributed/run.py:874] Setting OMP_NUM_THREADS environment variable for each process to be 1 in default, to avoid your system being overloaded, please further tune the variable for optimal performance in your application as needed. 
W0828 10:46:59.639000 3069771 site-packages/torch/distributed/run.py:874] *****************************************
/shared/home/bilal.ashfaq/nano research/nanoGPT_research/train.py:260: FutureWarning: `torch.cuda.amp.GradScaler(args...)` is deprecated. Please use `torch.amp.GradScaler('cuda', args...)` instead.
  scaler = torch.cuda.amp.GradScaler(enabled=(dtype == 'float16'))
/shared/home/bilal.ashfaq/nano research/nanoGPT_research/train.py:260: FutureWarning: `torch.cuda.amp.GradScaler(args...)` is deprecated. Please use `torch.amp.GradScaler('cuda', args...)` instead.
  scaler = torch.cuda.amp.GradScaler(enabled=(dtype == 'float16'))
W0828 11:03:05.547000 3076167 site-packages/torch/distributed/run.py:874] 
W0828 11:03:05.547000 3076167 site-packages/torch/distributed/run.py:874] *****************************************
W0828 11:03:05.547000 3076167 site-packages/torch/distributed/run.py:874] Setting OMP_NUM_THREADS environment variable for each process to be 1 in default, to avoid your system being overloaded, please further tune the variable for optimal performance in your application as needed. 
W0828 11:03:05.547000 3076167 site-packages/torch/distributed/run.py:874] *****************************************
/shared/home/bilal.ashfaq/nano research/nanoGPT_research/train.py:260: FutureWarning: `torch.cuda.amp.GradScaler(args...)` is deprecated. Please use `torch.amp.GradScaler('cuda', args...)` instead.
  scaler = torch.cuda.amp.GradScaler(enabled=(dtype == 'float16'))
/shared/home/bilal.ashfaq/nano research/nanoGPT_research/train.py:260: FutureWarning: `torch.cuda.amp.GradScaler(args...)` is deprecated. Please use `torch.amp.GradScaler('cuda', args...)` instead.
  scaler = torch.cuda.amp.GradScaler(enabled=(dtype == 'float16'))
W0828 11:19:16.908000 3082655 site-packages/torch/distributed/run.py:874] 
W0828 11:19:16.908000 3082655 site-packages/torch/distributed/run.py:874] *****************************************
W0828 11:19:16.908000 3082655 site-packages/torch/distributed/run.py:874] Setting OMP_NUM_THREADS environment variable for each process to be 1 in default, to avoid your system being overloaded, please further tune the variable for optimal performance in your application as needed. 
W0828 11:19:16.908000 3082655 site-packages/torch/distributed/run.py:874] *****************************************
/shared/home/bilal.ashfaq/nano research/nanoGPT_research/train.py:260: FutureWarning: `torch.cuda.amp.GradScaler(args...)` is deprecated. Please use `torch.amp.GradScaler('cuda', args...)` instead.
  scaler = torch.cuda.amp.GradScaler(enabled=(dtype == 'float16'))
/shared/home/bilal.ashfaq/nano research/nanoGPT_research/train.py:260: FutureWarning: `torch.cuda.amp.GradScaler(args...)` is deprecated. Please use `torch.amp.GradScaler('cuda', args...)` instead.
  scaler = torch.cuda.amp.GradScaler(enabled=(dtype == 'float16'))
W0828 11:35:29.199000 3089324 site-packages/torch/distributed/run.py:874] 
W0828 11:35:29.199000 3089324 site-packages/torch/distributed/run.py:874] *****************************************
W0828 11:35:29.199000 3089324 site-packages/torch/distributed/run.py:874] Setting OMP_NUM_THREADS environment variable for each process to be 1 in default, to avoid your system being overloaded, please further tune the variable for optimal performance in your application as needed. 
W0828 11:35:29.199000 3089324 site-packages/torch/distributed/run.py:874] *****************************************
/shared/home/bilal.ashfaq/nano research/nanoGPT_research/train.py:260: FutureWarning: `torch.cuda.amp.GradScaler(args...)` is deprecated. Please use `torch.amp.GradScaler('cuda', args...)` instead.
  scaler = torch.cuda.amp.GradScaler(enabled=(dtype == 'float16'))
/shared/home/bilal.ashfaq/nano research/nanoGPT_research/train.py:260: FutureWarning: `torch.cuda.amp.GradScaler(args...)` is deprecated. Please use `torch.amp.GradScaler('cuda', args...)` instead.
  scaler = torch.cuda.amp.GradScaler(enabled=(dtype == 'float16'))
W0828 11:51:37.060000 3095936 site-packages/torch/distributed/run.py:874] 
W0828 11:51:37.060000 3095936 site-packages/torch/distributed/run.py:874] *****************************************
W0828 11:51:37.060000 3095936 site-packages/torch/distributed/run.py:874] Setting OMP_NUM_THREADS environment variable for each process to be 1 in default, to avoid your system being overloaded, please further tune the variable for optimal performance in your application as needed. 
W0828 11:51:37.060000 3095936 site-packages/torch/distributed/run.py:874] *****************************************
/shared/home/bilal.ashfaq/nano research/nanoGPT_research/train.py:260: FutureWarning: `torch.cuda.amp.GradScaler(args...)` is deprecated. Please use `torch.amp.GradScaler('cuda', args...)` instead.
  scaler = torch.cuda.amp.GradScaler(enabled=(dtype == 'float16'))
/shared/home/bilal.ashfaq/nano research/nanoGPT_research/train.py:260: FutureWarning: `torch.cuda.amp.GradScaler(args...)` is deprecated. Please use `torch.amp.GradScaler('cuda', args...)` instead.
  scaler = torch.cuda.amp.GradScaler(enabled=(dtype == 'float16'))
W0828 12:07:44.221000 3102216 site-packages/torch/distributed/run.py:874] 
W0828 12:07:44.221000 3102216 site-packages/torch/distributed/run.py:874] *****************************************
W0828 12:07:44.221000 3102216 site-packages/torch/distributed/run.py:874] Setting OMP_NUM_THREADS environment variable for each process to be 1 in default, to avoid your system being overloaded, please further tune the variable for optimal performance in your application as needed. 
W0828 12:07:44.221000 3102216 site-packages/torch/distributed/run.py:874] *****************************************
/shared/home/bilal.ashfaq/nano research/nanoGPT_research/train.py:260: FutureWarning: `torch.cuda.amp.GradScaler(args...)` is deprecated. Please use `torch.amp.GradScaler('cuda', args...)` instead.
  scaler = torch.cuda.amp.GradScaler(enabled=(dtype == 'float16'))
/shared/home/bilal.ashfaq/nano research/nanoGPT_research/train.py:260: FutureWarning: `torch.cuda.amp.GradScaler(args...)` is deprecated. Please use `torch.amp.GradScaler('cuda', args...)` instead.
  scaler = torch.cuda.amp.GradScaler(enabled=(dtype == 'float16'))
W0828 12:23:56.869000 3108496 site-packages/torch/distributed/run.py:874] 
W0828 12:23:56.869000 3108496 site-packages/torch/distributed/run.py:874] *****************************************
W0828 12:23:56.869000 3108496 site-packages/torch/distributed/run.py:874] Setting OMP_NUM_THREADS environment variable for each process to be 1 in default, to avoid your system being overloaded, please further tune the variable for optimal performance in your application as needed. 
W0828 12:23:56.869000 3108496 site-packages/torch/distributed/run.py:874] *****************************************
/shared/home/bilal.ashfaq/nano research/nanoGPT_research/train.py:260: FutureWarning: `torch.cuda.amp.GradScaler(args...)` is deprecated. Please use `torch.amp.GradScaler('cuda', args...)` instead.
  scaler = torch.cuda.amp.GradScaler(enabled=(dtype == 'float16'))
/shared/home/bilal.ashfaq/nano research/nanoGPT_research/train.py:260: FutureWarning: `torch.cuda.amp.GradScaler(args...)` is deprecated. Please use `torch.amp.GradScaler('cuda', args...)` instead.
  scaler = torch.cuda.amp.GradScaler(enabled=(dtype == 'float16'))
W0828 12:40:07.522000 3114895 site-packages/torch/distributed/run.py:874] 
W0828 12:40:07.522000 3114895 site-packages/torch/distributed/run.py:874] *****************************************
W0828 12:40:07.522000 3114895 site-packages/torch/distributed/run.py:874] Setting OMP_NUM_THREADS environment variable for each process to be 1 in default, to avoid your system being overloaded, please further tune the variable for optimal performance in your application as needed. 
W0828 12:40:07.522000 3114895 site-packages/torch/distributed/run.py:874] *****************************************
/shared/home/bilal.ashfaq/nano research/nanoGPT_research/train.py:260: FutureWarning: `torch.cuda.amp.GradScaler(args...)` is deprecated. Please use `torch.amp.GradScaler('cuda', args...)` instead.
  scaler = torch.cuda.amp.GradScaler(enabled=(dtype == 'float16'))
/shared/home/bilal.ashfaq/nano research/nanoGPT_research/train.py:260: FutureWarning: `torch.cuda.amp.GradScaler(args...)` is deprecated. Please use `torch.amp.GradScaler('cuda', args...)` instead.
  scaler = torch.cuda.amp.GradScaler(enabled=(dtype == 'float16'))
W0828 12:56:12.797000 3121217 site-packages/torch/distributed/run.py:874] 
W0828 12:56:12.797000 3121217 site-packages/torch/distributed/run.py:874] *****************************************
W0828 12:56:12.797000 3121217 site-packages/torch/distributed/run.py:874] Setting OMP_NUM_THREADS environment variable for each process to be 1 in default, to avoid your system being overloaded, please further tune the variable for optimal performance in your application as needed. 
W0828 12:56:12.797000 3121217 site-packages/torch/distributed/run.py:874] *****************************************
/shared/home/bilal.ashfaq/nano research/nanoGPT_research/train.py:260: FutureWarning: `torch.cuda.amp.GradScaler(args...)` is deprecated. Please use `torch.amp.GradScaler('cuda', args...)` instead.
  scaler = torch.cuda.amp.GradScaler(enabled=(dtype == 'float16'))
/shared/home/bilal.ashfaq/nano research/nanoGPT_research/train.py:260: FutureWarning: `torch.cuda.amp.GradScaler(args...)` is deprecated. Please use `torch.amp.GradScaler('cuda', args...)` instead.
  scaler = torch.cuda.amp.GradScaler(enabled=(dtype == 'float16'))
W0828 13:12:17.049000 3127378 site-packages/torch/distributed/run.py:874] 
W0828 13:12:17.049000 3127378 site-packages/torch/distributed/run.py:874] *****************************************
W0828 13:12:17.049000 3127378 site-packages/torch/distributed/run.py:874] Setting OMP_NUM_THREADS environment variable for each process to be 1 in default, to avoid your system being overloaded, please further tune the variable for optimal performance in your application as needed. 
W0828 13:12:17.049000 3127378 site-packages/torch/distributed/run.py:874] *****************************************
/shared/home/bilal.ashfaq/nano research/nanoGPT_research/train.py:260: FutureWarning: `torch.cuda.amp.GradScaler(args...)` is deprecated. Please use `torch.amp.GradScaler('cuda', args...)` instead.
  scaler = torch.cuda.amp.GradScaler(enabled=(dtype == 'float16'))
/shared/home/bilal.ashfaq/nano research/nanoGPT_research/train.py:260: FutureWarning: `torch.cuda.amp.GradScaler(args...)` is deprecated. Please use `torch.amp.GradScaler('cuda', args...)` instead.
  scaler = torch.cuda.amp.GradScaler(enabled=(dtype == 'float16'))
W0828 13:28:24.014000 3133900 site-packages/torch/distributed/run.py:874] 
W0828 13:28:24.014000 3133900 site-packages/torch/distributed/run.py:874] *****************************************
W0828 13:28:24.014000 3133900 site-packages/torch/distributed/run.py:874] Setting OMP_NUM_THREADS environment variable for each process to be 1 in default, to avoid your system being overloaded, please further tune the variable for optimal performance in your application as needed. 
W0828 13:28:24.014000 3133900 site-packages/torch/distributed/run.py:874] *****************************************
/shared/home/bilal.ashfaq/nano research/nanoGPT_research/train.py:260: FutureWarning: `torch.cuda.amp.GradScaler(args...)` is deprecated. Please use `torch.amp.GradScaler('cuda', args...)` instead.
  scaler = torch.cuda.amp.GradScaler(enabled=(dtype == 'float16'))
/shared/home/bilal.ashfaq/nano research/nanoGPT_research/train.py:260: FutureWarning: `torch.cuda.amp.GradScaler(args...)` is deprecated. Please use `torch.amp.GradScaler('cuda', args...)` instead.
  scaler = torch.cuda.amp.GradScaler(enabled=(dtype == 'float16'))
