test_adamw_and_global_sgdm_start_from_identical_state_and_batches (test_baseline_preflight.BaselinePreflightTests.test_adamw_and_global_sgdm_start_from_identical_state_and_batches) ... ok
test_preflight_detects_data_order_mismatch (test_baseline_preflight.BaselinePreflightTests.test_preflight_detects_data_order_mismatch) ... ok
test_candidate_grids_and_run_limits_are_explicit (test_baseline_protocol.BaselineProtocolTests.test_candidate_grids_and_run_limits_are_explicit) ... ok
test_matched_controls_and_authorization_boundary_are_documented (test_baseline_protocol.BaselineProtocolTests.test_matched_controls_and_authorization_boundary_are_documented) ... ok
test_selection_budget_and_confirmation_seeds_are_fixed (test_baseline_protocol.BaselineProtocolTests.test_selection_budget_and_confirmation_seeds_are_fixed) ... ok
test_nonzero_momentum_matches_first_and_subsequent_changes (test_global_sgdm.GlobalSGDMUpdateTests.test_nonzero_momentum_matches_first_and_subsequent_changes) ... ok
test_state_round_trip_matches_uninterrupted_next_update (test_global_sgdm.GlobalSGDMUpdateTests.test_state_round_trip_matches_uninterrupted_next_update) ... ok
test_weight_decay_is_decoupled_and_precedes_momentum_update (test_global_sgdm.GlobalSGDMUpdateTests.test_weight_decay_is_decoupled_and_precedes_momentum_update) ... ok
test_zero_momentum_matches_observed_parameter_change (test_global_sgdm.GlobalSGDMUpdateTests.test_zero_momentum_matches_observed_parameter_change) ... ok
test_adamw_selection_uses_protected_model_construction (test_global_sgdm.OptimizerIntegrationTests.test_adamw_selection_uses_protected_model_construction) ... ok
test_composite_state_round_trip_matches_uninterrupted_update (test_global_sgdm.OptimizerIntegrationTests.test_composite_state_round_trip_matches_uninterrupted_update) ... ok
test_default_and_explicit_adamw_updates_are_equivalent (test_global_sgdm.OptimizerIntegrationTests.test_default_and_explicit_adamw_updates_are_equivalent) ... ok
test_each_parameter_set_changes_only_through_its_assigned_optimizer (test_global_sgdm.OptimizerIntegrationTests.test_each_parameter_set_changes_only_through_its_assigned_optimizer) ... ok
test_experimental_groups_are_disjoint_and_owned_by_intended_optimizers (test_global_sgdm.OptimizerIntegrationTests.test_experimental_groups_are_disjoint_and_owned_by_intended_optimizers) ... ok
test_nesterov_is_rejected (test_global_sgdm.OptimizerIntegrationTests.test_nesterov_is_rejected) ... ok
test_scheduler_preserves_matrix_to_auxiliary_lr_ratio (test_global_sgdm.OptimizerIntegrationTests.test_scheduler_preserves_matrix_to_auxiliary_lr_ratio) ... ok
test_unknown_optimizer_name_is_rejected (test_global_sgdm.OptimizerIntegrationTests.test_unknown_optimizer_name_is_rejected) ... ok
test_zero_grad_set_to_none_covers_both_parameter_sets (test_global_sgdm.OptimizerIntegrationTests.test_zero_grad_set_to_none_covers_both_parameter_sets) ... ok
test_actual_update_norm_comes_from_observed_parameter_change (test_global_sgdm_diagnostics.GlobalSGDMDiagnosticsTests.test_actual_update_norm_comes_from_observed_parameter_change) ... ok
test_collection_does_not_change_optimizer_results (test_global_sgdm_diagnostics.GlobalSGDMDiagnosticsTests.test_collection_does_not_change_optimizer_results) ... ok
test_configuration_parsing_and_jsonl_output (test_global_sgdm_diagnostics.GlobalSGDMDiagnosticsTests.test_configuration_parsing_and_jsonl_output) ... ok
test_disabled_and_unselected_steps_do_no_norm_work (test_global_sgdm_diagnostics.GlobalSGDMDiagnosticsTests.test_disabled_and_unselected_steps_do_no_norm_work) ... ok
test_mismatched_matrix_learning_rates_are_rejected (test_global_sgdm_diagnostics.GlobalSGDMDiagnosticsTests.test_mismatched_matrix_learning_rates_are_rejected) ... ok
test_reported_values_match_direct_tensor_calculations (test_global_sgdm_diagnostics.GlobalSGDMDiagnosticsTests.test_reported_values_match_direct_tensor_calculations) ... ok
test_spectral_norm_is_only_computed_for_selected_names (test_global_sgdm_diagnostics.GlobalSGDMDiagnosticsTests.test_spectral_norm_is_only_computed_for_selected_names) ... ok
test_all_hidden_projection_matrices_are_eligible_at_multiple_depths (test_parameter_partition.ParameterPartitionTests.test_all_hidden_projection_matrices_are_eligible_at_multiple_depths) ... ok
test_audit_is_deterministic_and_totals_match_the_model (test_parameter_partition.ParameterPartitionTests.test_audit_is_deterministic_and_totals_match_the_model) ... ok
test_default_adamw_groups_keep_the_existing_dimension_rule (test_parameter_partition.ParameterPartitionTests.test_default_adamw_groups_keep_the_existing_dimension_rule) ... ok
test_embeddings_head_layernorms_and_biases_are_auxiliary (test_parameter_partition.ParameterPartitionTests.test_embeddings_head_layernorms_and_biases_are_auxiliary) ... ok
test_every_trainable_parameter_is_assigned_exactly_once (test_parameter_partition.ParameterPartitionTests.test_every_trainable_parameter_is_assigned_exactly_once) ... ok
test_frozen_parameters_are_excluded (test_parameter_partition.ParameterPartitionTests.test_frozen_parameters_are_excluded) ... ok
test_cpu_hardware_and_step_timing_are_recorded (test_run_metadata.RunMetadataTests.test_cpu_hardware_and_step_timing_are_recorded) ... ok
test_git_commit_hash_is_recorded_when_repository_is_available (test_run_metadata.RunMetadataTests.test_git_commit_hash_is_recorded_when_repository_is_available) ... ok
test_group_signature_is_deterministic_and_complete (test_run_metadata.RunMetadataTests.test_group_signature_is_deterministic_and_complete) ... ok
test_omitted_and_explicit_adamw_configuration_resolve_identically (test_run_metadata.RunMetadataTests.test_omitted_and_explicit_adamw_configuration_resolve_identically) ... ok
test_resume_rejects_optimizer_name_and_group_mismatches (test_run_metadata.RunMetadataTests.test_resume_rejects_optimizer_name_and_group_mismatches) ... ok
test_run_metadata_contains_reconstruction_and_progress_fields (test_run_metadata.RunMetadataTests.test_run_metadata_contains_reconstruction_and_progress_fields) ... ok
test_run_summary_is_json_serializable (test_run_metadata.RunMetadataTests.test_run_summary_is_json_serializable) ... ok
test_train_defaults_and_validation_precede_first_batch (test_run_metadata.RunMetadataTests.test_train_defaults_and_validation_precede_first_batch) ... ok

----------------------------------------------------------------------
Ran 39 tests in 2.387s

OK
W0826 13:39:06.917000 2381144 site-packages/torch/distributed/run.py:874] 
W0826 13:39:06.917000 2381144 site-packages/torch/distributed/run.py:874] *****************************************
W0826 13:39:06.917000 2381144 site-packages/torch/distributed/run.py:874] Setting OMP_NUM_THREADS environment variable for each process to be 1 in default, to avoid your system being overloaded, please further tune the variable for optimal performance in your application as needed. 
W0826 13:39:06.917000 2381144 site-packages/torch/distributed/run.py:874] *****************************************
/shared/home/bilal.ashfaq/nano research/nanoGPT_research/train.py:258: FutureWarning: `torch.cuda.amp.GradScaler(args...)` is deprecated. Please use `torch.amp.GradScaler('cuda', args...)` instead.
  scaler = torch.cuda.amp.GradScaler(enabled=(dtype == 'float16'))
/shared/home/bilal.ashfaq/nano research/nanoGPT_research/train.py:258: FutureWarning: `torch.cuda.amp.GradScaler(args...)` is deprecated. Please use `torch.amp.GradScaler('cuda', args...)` instead.
  scaler = torch.cuda.amp.GradScaler(enabled=(dtype == 'float16'))
